../Core/Src/main.c:124:6:lcd_print_diagnostico	80	static
../Core/Src/main.c:154:5:__io_putchar	16	static
../Core/Src/main.c:160:6:send_trigger_pulse	8	static
../Core/Src/main.c:168:7:measure_distance_cm	16	static
../Core/Src/main.c:187:5:main	104	static
../Core/Src/main.c:313:6:SystemClock_Config	88	static
../Core/Src/main.c:359:13:MX_ADC1_Init	24	static
../Core/Src/main.c:406:13:MX_I2C1_Init	8	static
../Core/Src/main.c:446:13:MX_TIM1_Init	80	static
../Core/Src/main.c:511:13:MX_TIM2_Init	48	static
../Core/Src/main.c:564:13:MX_TIM3_Init	48	static
../Core/Src/main.c:617:13:MX_TIM4_Init	48	static
../Core/Src/main.c:675:13:MX_USART2_UART_Init	8	static
../Core/Src/main.c:708:13:MX_GPIO_Init	40	static
../Core/Src/main.c:761:7:read_setpoint	16	static
../Core/Src/main.c:773:6:update_motor_pid	64	static
../Core/Src/main.c:803:6:set_motor_direction	16	static
../Core/Src/main.c:807:6:setPWM	24	static
../Core/Src/main.c:853:6:system_shutdown	8	static
../Core/Src/main.c:876:6:send_motor_status_i2c	32	static
../Core/Src/main.c:889:6:HAL_TIM_IC_CaptureCallback	16	static
../Core/Src/main.c:903:6:loop_ultrasonic_pid	16	static
../Core/Src/main.c:926:6:StartDefaultTask	16	static
../Core/Src/main.c:944:6:StartTaskPID	32	static
../Core/Src/main.c:1013:6:StartTaskLCD	16	static
../Core/Src/main.c:1030:6:Error_Handler	4	static,ignoring_inline_asm
